[48;2;33;59;73m
 [38;2;222;224;225mrun for i in $(seq 1 40); do echo "compiling module $i"; sleep 0.25; done[39m


[49m [38;2;157;165;169m●[39m [1mBash[0m(for i in $(seq 1 40); do echo "compiling module $i"; sleep 0.25; done)
 [38;2;126;136;142m  ⎿  … +4 lines (ctrl+o to expand)[39m
      [38;2;157;165;169mcompiling module 5[39m
      [38;2;157;165;169mcompiling module 6[39m
      [38;2;157;165;169mcompiling module 7[39m
      [38;2;157;165;169mcompiling module 8[39m
      [38;2;157;165;169mcompiling module 9[39m
      [38;2;126;136;142mRunning… (2s) · ctrl+alt+b to run in background[39m













[38;2;108;118;123m── ⠹[39m [38;2;108;118;123mWorking ───────────────────────────────────────────────────────────────────────────────────────
[7m[39m [0m
[38;2;108;118;123m────────────────────────────────────────────────────────────────────────────────────────────────────
[38;2;126;136;142m/tmp/pab-qa/cwd[39m
[38;2;126;136;142m↑2.0k ↓23 W2.0k CH0.0% 3.1%/128k                                                              faux-1
