[48;2;33;59;73m
 [38;2;222;224;225mrun for i in $(seq 1 40); do echo "compiling module $i"; sleep 0.25; done[39m


[49m [38;2;167;152;215m●[39m [1mBash[0m(for i in $(seq 1 40); do echo "compiling module $i"; sleep 0.25; done)
 [38;2;126;136;142m  ⎿  [38;2;157;165;169mRunning in the background (4s)[38;2;126;136;142m · alt+j to manage[39m

 Done.
















[38;2;108;118;123m────────────────────────────────────────────────────────────────────────────────────────────────────
[7m[39m [0m
[38;2;108;118;123m────────────────────────────────────────────────────────────────────────────────────────────────────
[39m [38;2;167;152;215m●[39m [38;2;157;165;169mfor i in $(seq 1 40); do echo "compiling module $i"; sleep 0…[38;2;126;136;142m · 4s · alt+j to manage[39m
[38;2;126;136;142m/tmp/pab-qa/cwd[39m
[38;2;126;136;142m↑2.2k ↓25 R2.0k W2.2k CH84.8% 1.8%/128k                                                       faux-1
